---
source: tests/cli_tests/emit_tests.rs
expression: "emit_to_format(\"ir-toml\")"
---
[[entities]]
kind = "skill"
body = """
# Example Skill

This is the content of the example skill."""

[entities.metadata]
name = "example_skill"
description = "An example skill"
version = "1.0.0"
license = "MIT"

[[entities]]
kind = "rule"
body = """
# Example Rule

This is the content of the example rule."""

[entities.metadata]
description = "An example rule"
name = "example_rule"
