---
source: tests/cli_tests/emit_tests.rs
expression: "emit_to_format(\"agent-skills\")"
---
--- example_skill.skill.md ---
---
name: example_skill
description: An example skill
version: 1.0.0
license: MIT
---
# Example Skill

This is the content of the example skill.
--- example_rule.skill.md ---
---
name: example_rule
description: An example rule
---
# Example Rule

This is the content of the example rule.
