---
source: tests/cli_tests/parse_tests.rs
assertion_line: 34
expression: normalized_output
---
{
  "entities": [
    {
      "kind": "skill",
      "metadata": {
        "name": "file-system-operations",
        "description": "Perform basic file system operations safely",
        "version": "1.0.0",
        "license": "MIT",
        "compatibility": "agent-skills-1.0",
        "allowed-tools": [
          "bash",
          "read",
          "write"
        ]
      },
      "body": "# File System Operations\n\nThis skill allows an agent to perform file system operations safely by constraining the scope of operations to the current directory and disallowing destructive operations like `rm -rf`.\n\n## Instructions\n\n1. Use standard bash commands to explore the filesystem.\n2. Read files using the `read` tool.\n3. Write files using the `write` tool.\n4. Do NOT execute any `rm` commands.\n"
    }
  ]
}
