---
source: tests/cli_tests/parse_tests.rs
expression: normalized_output
---
{
  "ir_version": "0.1",
  "entities": [
    {
      "kind": "agent",
      "metadata": {
        "name": "security-expert",
        "description": "Find vulnerabilities",
        "rulette:agent-tools": [
          "grep"
        ],
        "rulette:models": [
          "gemini-2.0-flash"
        ],
        "kind": "local",
        "mcpServers": {
          "filesystem": {
            "args": [
              "-y",
              "@modelcontextprotocol/server-filesystem",
              "."
            ],
            "command": "npx"
          }
        }
      },
      "body": "# Security Expert System Prompt\nFind bugs.\n"
    }
  ]
}
