---
source: tests/cli_tests/parse_tests.rs
assertion_line: 65
expression: normalized_output
---
{
  "ir_version": "0.1",
  "entities": [
    {
      "kind": "rule",
      "metadata": {
        "description": "Test rule for Cursor",
        "alwaysApply": true,
        "globs": [
          "src/**/*.rs"
        ],
        "name": "example",
        "rulette:source_file": "tests/fixtures/cursor/example.mdc"
      },
      "body": "# Rust Rules\n- Use idiomatic Rust.\n- Prefer `anyhow` for errors.\n"
    }
  ]
}
